GAMS 47.2.0  54a8429d Jul 1, 2024           LEX-LEG x86 64bit/Linux - 07/15/24 18:30:42 Page 1
G e n e r a l   A l g e b r a i c   M o d e l i n g   S y s t e m
C o m p i l a t i o n


   1  *This program generates the first ten Fibonacci numbers
   2  *f(1)=1, f(2)=1
   3  *f(n) = f(n-1)+ f(n-2) if n >= 3
GAMS 47.2.0  54a8429d Jul 1, 2024           LEX-LEG x86 64bit/Linux - 07/15/24 18:30:42 Page 2
Fibonacci up to 10
C o m p i l a t i o n


   5  option limrow = 0, limcol = 0;
   6   
   7  * SET AND DEFINITIONS
   8  set J/1*10/;
   9  *set J /1, 2, 3, 4, 5, 6, 7, 8, 9, 10/;
  10   
  11  *VARIABLE AND EQUATION DECLARATIONS
  12  free variable obj "objval";
  13   
  14  positive variables
  15  f(J);
  16   
  17  equations
  18  objective "objective",
  19  cons1(J) "first constraint",
  20  cons2    "base case",
  21  cons3    "base case";
  22   
  23  objective..
  24  obj =e= 1;
  25   
  26  cons1(J)$(ord(J) > 2)..
  27  f(j) =e= f(j-1) + f(j-2);
  28   
  29  cons2..
  30  f('1') =e= 1;
  31   
  32  cons3..
  33  f('2') =e= 1;
  34   
  35  *VARIABLE BOUNDS
  36   
  37   
  38  model prob4 /all/;
  39   
  40  solve prob4 using lp minimizing obj;
  41   
  42  display f.l;
  43   


COMPILATION TIME     =        0.002 SECONDS      3 MB  47.2.0 54a8429d LEX-LEG
GAMS 47.2.0  54a8429d Jul 1, 2024           LEX-LEG x86 64bit/Linux - 07/15/24 18:30:42 Page 3
Fibonacci up to 10
Range Statistics    SOLVE prob4 Using LP From line 40


RANGE STATISTICS (ABSOLUTE NON-ZERO FINITE VALUES)

RHS       [min, max] : [ 1.000E+00, 1.000E+00] - Zero values observed as well
Bound     [min, max] : [        NA,        NA] - Zero values observed as well
Matrix    [min, max] : [ 1.000E+00, 1.000E+00]

GAMS 47.2.0  54a8429d Jul 1, 2024           LEX-LEG x86 64bit/Linux - 07/15/24 18:30:42 Page 4
Fibonacci up to 10
Model Statistics    SOLVE prob4 Using LP From line 40


MODEL STATISTICS

BLOCKS OF EQUATIONS           4     SINGLE EQUATIONS           11
BLOCKS OF VARIABLES           2     SINGLE VARIABLES           11
NON ZERO ELEMENTS            27


GENERATION TIME      =        0.116 SECONDS      4 MB  47.2.0 54a8429d LEX-LEG
GAMS 47.2.0  54a8429d Jul 1, 2024           LEX-LEG x86 64bit/Linux - 07/15/24 18:30:42 Page 5
Fibonacci up to 10
Solution Report     SOLVE prob4 Using LP From line 40


               S O L V E      S U M M A R Y

     MODEL   prob4               OBJECTIVE  obj
     TYPE    LP                  DIRECTION  MINIMIZE
     SOLVER  COPT                FROM LINE  40

**** SOLVER STATUS     1 Normal Completion
**** MODEL STATUS      1 Optimal
**** OBJECTIVE VALUE                1.0000

 RESOURCE USAGE, LIMIT          0.022 10000000000.000
 ITERATION COUNT, LIMIT         0    2147483647

                           LOWER          LEVEL          UPPER         MARGINAL

---- EQU objective          1.0000         1.0000         1.0000         1.0000      

  objective  objective

---- EQU cons1  first constraint

          LOWER          LEVEL          UPPER         MARGINAL

3           .              .              .             EPS         
4           .              .              .             EPS         
5           .              .              .             EPS         
6           .              .              .             EPS         
7           .              .              .             EPS         
8           .              .              .             EPS         
9           .              .              .             EPS         
10          .              .              .             EPS         

                           LOWER          LEVEL          UPPER         MARGINAL

---- EQU cons2              1.0000         1.0000         1.0000         EPS         
---- EQU cons3              1.0000         1.0000         1.0000         EPS         

  cons2  base case
  cons3  base case

                           LOWER          LEVEL          UPPER         MARGINAL

---- VAR obj               -INF            1.0000        +INF             .          

  obj  objval

---- VAR f  

          LOWER          LEVEL          UPPER         MARGINAL

1           .             1.0000        +INF             .          
2           .             1.0000        +INF             .          
3           .             2.0000        +INF             .          
4           .             3.0000        +INF             .          
5           .             5.0000        +INF             .          
6           .             8.0000        +INF             .          
7           .            13.0000        +INF             .          
8           .            21.0000        +INF             .          
9           .            34.0000        +INF             .          
10          .            55.0000        +INF             .          


**** REPORT SUMMARY :        0     NONOPT
                             0 INFEASIBLE
                             0  UNBOUNDED
GAMS 47.2.0  54a8429d Jul 1, 2024           LEX-LEG x86 64bit/Linux - 07/15/24 18:30:42 Page 6
Fibonacci up to 10
E x e c u t i o n


----     42 VARIABLE f.L  

1   1.000,    2   1.000,    3   2.000,    4   3.000,    5   5.000,    6   8.000,    7  13.000,    8  21.000,    9  34.000,    10 55.000



EXECUTION TIME       =        0.852 SECONDS      4 MB  47.2.0 54a8429d LEX-LEG


USER: University of Wisconsin-Whitewater             G240417|0002AO-GEN
      COMPSCI  735 - 01  OPTIMIZATION: TECHNIQUES AND APPLICATIODCE1755
      License for teaching and research at degree granting institutions


**** FILE SUMMARY

Input      /home/carlitos/Documents/School/Summer2024/cs735_optimization_techniques_and_applications/homework3/help/fibonacci.gms
Output     /home/carlitos/Documents/School/Summer2024/cs735_optimization_techniques_and_applications/homework3/output/fibonacci.lst
