GAMS 47.2.0  54a8429d Jul 1, 2024           LEX-LEG x86 64bit/Linux - 08/02/24 17:59:41 Page 1
Problem 8-1 (MIP) Traveling Salesman
C o m p i l a t i o n


   2  option limrow = 0, limcol = 0, solprint=off;
       
      Traveling salesman problem
       
      Find the closed tour that visits all ten cities and has the minimum total length. Distances between pairs of cities are given in the table below:
              ATL     ORD     DEN     IAH     LAX     MIA     JFK     SFO     SEA     DCA
      ATL     0       587     1212    701     1936    604     748     2139    2182    543
      ORD     587     0       920     940     1745    1188    713     1858    1737    597
      DEN     1212    920     0       879     831     1726    1631    949     1021    1494
      IAH     701     940     879     0       1379    968     1420    1645    1891    1220
      LAX     1936    1745    831     1379    0       2339    2451    347     959     2300
      MIA     604     1188    1726    968     2339    0       1092    2594    2734    923
      JFK     748     713     1631    1420    2451    1092    0       2571    2408    205
      SFO     2139    1858    949     1645    347     2594    2571    0       678     2442
      SEA     2182    1737    1021    1891    959     2734    2408    678     0       2329
      DCA     543     597     1494    1220    2300    923     205     2442    2329    0
       
  21   
  22  sets i Cities / c1 'ALT', c2 'ORD', c3 'DEN', c4 'IAH', c5 'LAX',
  23                  c6 'MIA', c7 'JFK', c8 'SFO', c9 'SEA', c10 'DCA' /
  24  alias (i,j,k,l,m);
  25   
  26  * distance between pairs of cities
  27  table d(i,j)
  28          c1      c2      c3      c4      c5      c6      c7      c8      c9      c10
  29  c1      0       587     1212    701     1936    604     748     2139    2182    543
  30  c2      587     0       920     940     1745    1188    713     1858    1737    597
  31  c3      1212    920     0       879     831     1726    1631    949     1021    1494
  32  c4      701     940     879     0       1379    968     1420    1645    1891    1220
  33  c5      1936    1745    831     1379    0       2339    2451    347     959     2300
  34  c6      604     1188    1726    968     2339    0       1092    2594    2734    923
  35  c7      748     713     1631    1420    2451    1092    0       2571    2408    205
  36  c8      2139    1858    949     1645    347     2594    2571    0       678     2442
  37  c9      2182    1737    1021    1891    959     2734    2408    678     0       2329
  38  c10     543     597     1494    1220    2300    923     205     2442    2329    0
  39  ;
  40   
  41  binary variables x(i,j);
  42  free variable obj;
  43   
  44  equations
  45  objective "Objective function",
  46  cons1(j) "One incoming path to each city j",
  47  cons2(i) "One outgoing path from each city i",
  48  cons2a(i) "No self-loops",
  49  subtour_constraint "Subtour elimination constraint";
  50   
  51  * Define the objective function
  52  objective..
  53  obj =e= sum((i,j), d(i,j)*x(i,j));
  54   
  55  * Define constraints for exactly one incoming and outgoing path
  56  cons1(j)..
  57  sum(i, x(i,j)) =e= 1;
  58   
  59  cons2(i)..
  60  sum(j, x(i,j)) =e= 1;
  61   
  62  * Ensure no self-loops
  63  cons2a(i)..
  64  x(i,i) =e= 0;
  65   
  66  * Add subtour elimination constraints
  67  subtour_constraint(i,j,k)..
  68  x(i,j) + x(j,k) + x(k,i) =l= 2;
  69   
  70  model prob2 /all/;
  71  Option optcr=0.0;
  72  solve prob2 using mip minimizing obj;
  73   
  74  display obj.l, x.l;
  75   
  76  parameter index, nextindex;
  77  index=1;
  78   
  79  file hw8_1results / hw8_1results.txt/;
  80  *hw6results.ap =1;
  81   
  82  put hw8_1results 'Solution 1'/;
  83   
  84   
  85  put index:2:0;
  86  loop(k,
  87    loop(i$(ord(i)=index),
  88      loop(j$ ( x.l(i,j)=1),
  89        nextindex = ord(j);
  90        ));
  91   
  92        put  "->"
  93        put nextindex:2:0 ;
  94   
  95        index = nextindex;
  96      );
  97   
  98      put /"Total distance =", obj.l;


COMPILATION TIME     =        0.001 SECONDS      3 MB  47.2.0 54a8429d LEX-LEG
GAMS 47.2.0  54a8429d Jul 1, 2024           LEX-LEG x86 64bit/Linux - 08/02/24 17:59:41 Page 2
Problem 8-1 (MIP) Traveling Salesman
Range Statistics    SOLVE prob2 Using MIP From line 72


RANGE STATISTICS (ABSOLUTE NON-ZERO FINITE VALUES)

RHS       [min, max] : [ 1.000E+00, 2.000E+00] - Zero values observed as well
Bound     [min, max] : [ 1.000E+00, 1.000E+00] - Zero values observed as well
Matrix    [min, max] : [ 1.000E+00, 2.734E+03]

GAMS 47.2.0  54a8429d Jul 1, 2024           LEX-LEG x86 64bit/Linux - 08/02/24 17:59:41 Page 3
Problem 8-1 (MIP) Traveling Salesman
Model Statistics    SOLVE prob2 Using MIP From line 72


MODEL STATISTICS

BLOCKS OF EQUATIONS           5     SINGLE EQUATIONS        1,031
BLOCKS OF VARIABLES           2     SINGLE VARIABLES          101
NON ZERO ELEMENTS         3,281     DISCRETE VARIABLES        100


GENERATION TIME      =        0.004 SECONDS      4 MB  47.2.0 54a8429d LEX-LEG
GAMS 47.2.0  54a8429d Jul 1, 2024           LEX-LEG x86 64bit/Linux - 08/02/24 17:59:41 Page 4
Problem 8-1 (MIP) Traveling Salesman
Solution Report     SOLVE prob2 Using MIP From line 72


               S O L V E      S U M M A R Y

     MODEL   prob2               OBJECTIVE  obj
     TYPE    MIP                 DIRECTION  MINIMIZE
     SOLVER  CPLEX               FROM LINE  72

**** SOLVER STATUS     1 Normal Completion
**** MODEL STATUS      1 Optimal
**** OBJECTIVE VALUE             6234.0000

 RESOURCE USAGE, LIMIT          0.012 10000000000.000
 ITERATION COUNT, LIMIT        12    2147483647
--- GAMS/CPLEX licensed for continuous and discrete problems.
--- GMO setup time: 0.00s
--- Space for names approximately 0.04 Mb
--- Use option 'names no' to turn use of names off
--- GMO memory 0.63 Mb (peak 0.63 Mb)
--- Dictionary memory 0.00 Mb
--- Cplex 22.1.1.0 link memory 0.01 Mb (peak 0.09 Mb)
--- Starting Cplex


--- MIP status (101): integer optimal solution.
--- Cplex Time: 0.01sec (det. 3.32 ticks)

--- Returning a primal only solution to GAMS (marginals all set to NA).
--- Fixing integer variables and solving final LP...


--- Fixed MIP status (1): optimal.
--- Cplex Time: 0.00sec (det. 0.60 ticks)


Proven optimal solution
MIP Solution:         6234.000000    (12 iterations, 0 nodes)
Final Solve:          6234.000000    (0 iterations)

Best possible:        6234.000000
Absolute gap:            0.000000
Relative gap:            0.000000



**** REPORT SUMMARY :        0     NONOPT
                             0 INFEASIBLE
                             0  UNBOUNDED
GAMS 47.2.0  54a8429d Jul 1, 2024           LEX-LEG x86 64bit/Linux - 08/02/24 17:59:41 Page 5
Problem 8-1 (MIP) Traveling Salesman
E x e c u t i o n


----     74 VARIABLE obj.L                 =     6234.000  

----     74 VARIABLE x.L  

             c1          c2          c3          c4          c5          c6          c7          c8          c9         c10

c1                                                                    1.000
c2                                            1.000
c3                                                                                                        1.000
c4                    1.000
c5                                                                                            1.000
c6        1.000
c7                                                                                                                    1.000
c8                                                        1.000
c9                                1.000
c10                                                                               1.000


**** REPORT FILE SUMMARY

hw8_1results /home/carlitos/Documents/School/Summer2024/cs735_optimization_techniques_and_applications/homework8/hw8_1results.txt


EXECUTION TIME       =        0.038 SECONDS      4 MB  47.2.0 54a8429d LEX-LEG


USER: University of Wisconsin-Whitewater             G240417|0002AO-GEN
      COMPSCI  735 - 01  OPTIMIZATION: TECHNIQUES AND APPLICATIODCE1755
      License for teaching and research at degree granting institutions


**** FILE SUMMARY

Input      /home/carlitos/Documents/School/Summer2024/cs735_optimization_techniques_and_applications/homework8/gams/hw8-1.gms
Output     /home/carlitos/Documents/School/Summer2024/cs735_optimization_techniques_and_applications/homework8/output/hw8-1.lst
